Archive member included to satisfy reference by file (symbol)

c:/program files (x86)/atmel/studio/7.0/toolchain/arm/arm-gnu-toolchain/bin/../lib/gcc/arm-none-eabi/6.3.1/thumb/v6-m\libgcc.a(_udivsi3.o)
                              src/ASF/sam0/drivers/system/clock/clock_samc20_c21/clock.o (__aeabi_uidiv)
c:/program files (x86)/atmel/studio/7.0/toolchain/arm/arm-gnu-toolchain/bin/../lib/gcc/arm-none-eabi/6.3.1/thumb/v6-m\libgcc.a(_dvmd_tls.o)
                              c:/program files (x86)/atmel/studio/7.0/toolchain/arm/arm-gnu-toolchain/bin/../lib/gcc/arm-none-eabi/6.3.1/thumb/v6-m\libgcc.a(_udivsi3.o) (__aeabi_idiv0)
c:/program files (x86)/atmel/studio/7.0/toolchain/arm/arm-gnu-toolchain/bin/../lib/gcc/arm-none-eabi/6.3.1/thumb/v6-m\libgcc.a(_muldi3.o)
                              src/ASF/sam0/drivers/sercom/sercom.o (__aeabi_lmul)
c:/program files (x86)/atmel/studio/7.0/toolchain/arm/arm-gnu-toolchain/bin/../lib/gcc/arm-none-eabi/6.3.1/../../../../arm-none-eabi/lib/thumb/v6-m\libc_nano.a(lib_a-exit.o)
                              c:/program files (x86)/atmel/studio/7.0/toolchain/arm/arm-gnu-toolchain/bin/../lib/gcc/arm-none-eabi/6.3.1/../../../../arm-none-eabi/lib/thumb/v6-m/crt0.o (exit)
c:/program files (x86)/atmel/studio/7.0/toolchain/arm/arm-gnu-toolchain/bin/../lib/gcc/arm-none-eabi/6.3.1/../../../../arm-none-eabi/lib/thumb/v6-m\libc_nano.a(lib_a-impure.o)
                              c:/program files (x86)/atmel/studio/7.0/toolchain/arm/arm-gnu-toolchain/bin/../lib/gcc/arm-none-eabi/6.3.1/../../../../arm-none-eabi/lib/thumb/v6-m\libc_nano.a(lib_a-exit.o) (_global_impure_ptr)
c:/program files (x86)/atmel/studio/7.0/toolchain/arm/arm-gnu-toolchain/bin/../lib/gcc/arm-none-eabi/6.3.1/../../../../arm-none-eabi/lib/thumb/v6-m\libc_nano.a(lib_a-init.o)
                              c:/program files (x86)/atmel/studio/7.0/toolchain/arm/arm-gnu-toolchain/bin/../lib/gcc/arm-none-eabi/6.3.1/../../../../arm-none-eabi/lib/thumb/v6-m/crt0.o (__libc_init_array)
c:/program files (x86)/atmel/studio/7.0/toolchain/arm/arm-gnu-toolchain/bin/../lib/gcc/arm-none-eabi/6.3.1/../../../../arm-none-eabi/lib/thumb/v6-m\libc_nano.a(lib_a-memset.o)
                              c:/program files (x86)/atmel/studio/7.0/toolchain/arm/arm-gnu-toolchain/bin/../lib/gcc/arm-none-eabi/6.3.1/../../../../arm-none-eabi/lib/thumb/v6-m/crt0.o (memset)

Allocating common symbols
Common symbol       size              file

b_sharp_received    0x1               src/usart_sam_ba.o
j                   0x1               src/sam_ba_monitor.o
idx_rx_write        0x1               src/usart_sam_ba.o
size_of_data        0x2               src/usart_sam_ba.o
length              0x4               src/sam_ba_monitor.o
ptr                 0x4               src/sam_ba_monitor.o
command             0x1               src/sam_ba_monitor.o
_sercom_instances   0x18              src/ASF/sam0/drivers/sercom/sercom_interrupt.o
idx_tx_read         0x1               src/usart_sam_ba.o
i                   0x4               src/sam_ba_monitor.o
usart_sam_ba        0x34              src/usart_sam_ba.o
buffer_tx_usart     0x80              src/usart_sam_ba.o
error_timeout       0x1               src/usart_sam_ba.o
data                0x40              src/sam_ba_monitor.o
mode_of_transfer    0x1               src/usart_sam_ba.o
ptr_data            0x4               src/sam_ba_monitor.o
idx_rx_read         0x1               src/usart_sam_ba.o
ptr_monitor_if      0x4               src/sam_ba_monitor.o
sp                  0x4               src/sam_ba_monitor.o
current_number      0x4               src/sam_ba_monitor.o
idx_tx_write        0x1               src/usart_sam_ba.o
u32tmp              0x4               src/sam_ba_monitor.o
buffer_rx_usart     0x80              src/usart_sam_ba.o

Discarded input sections

 .text          0x00000000        0x0 c:/program files (x86)/atmel/studio/7.0/toolchain/arm/arm-gnu-toolchain/bin/../lib/gcc/arm-none-eabi/6.3.1/thumb/v6-m/crti.o
 .data          0x00000000        0x0 c:/program files (x86)/atmel/studio/7.0/toolchain/arm/arm-gnu-toolchain/bin/../lib/gcc/arm-none-eabi/6.3.1/thumb/v6-m/crti.o
 .bss           0x00000000        0x0 c:/program files (x86)/atmel/studio/7.0/toolchain/arm/arm-gnu-toolchain/bin/../lib/gcc/arm-none-eabi/6.3.1/thumb/v6-m/crti.o
 .data          0x00000000        0x4 c:/program files (x86)/atmel/studio/7.0/toolchain/arm/arm-gnu-toolchain/bin/../lib/gcc/arm-none-eabi/6.3.1/thumb/v6-m/crtbegin.o
 .text          0x00000000       0x78 c:/program files (x86)/atmel/studio/7.0/toolchain/arm/arm-gnu-toolchain/bin/../lib/gcc/arm-none-eabi/6.3.1/../../../../arm-none-eabi/lib/thumb/v6-m/crt0.o
 .data          0x00000000        0x0 c:/program files (x86)/atmel/studio/7.0/toolchain/arm/arm-gnu-toolchain/bin/../lib/gcc/arm-none-eabi/6.3.1/../../../../arm-none-eabi/lib/thumb/v6-m/crt0.o
[...]
Memory Configuration

Name             Origin             Length             Attributes
rom              0x00000000         0x00040000         xr
ram              0x20000000         0x00008000         xrw
*default*        0x00000000         0xffffffff

Linker script and memory map

LOAD c:/program files (x86)/atmel/studio/7.0/toolchain/arm/arm-gnu-toolchain/bin/../lib/gcc/arm-none-eabi/6.3.1/thumb/v6-m/crti.o
LOAD c:/program files (x86)/atmel/studio/7.0/toolchain/arm/arm-gnu-toolchain/bin/../lib/gcc/arm-none-eabi/6.3.1/thumb/v6-m/crtbegin.o
LOAD c:/program files (x86)/atmel/studio/7.0/toolchain/arm/arm-gnu-toolchain/bin/../lib/gcc/arm-none-eabi/6.3.1/../../../../arm-none-eabi/lib/thumb/v6-m/crt0.o
LOAD src/ASF/common/utils/interrupt/interrupt_sam_nvic.o
LOAD src/ASF/sam0/boards/samc21_xplained_pro/board_init.o
LOAD src/ASF/sam0/drivers/port/port.o
LOAD src/ASF/sam0/drivers/sercom/sercom.o
LOAD src/ASF/sam0/drivers/sercom/sercom_interrupt.o
LOAD src/ASF/sam0/drivers/sercom/usart/usart.o
LOAD src/ASF/sam0/drivers/sercom/usart/usart_interrupt.o
LOAD src/ASF/sam0/drivers/system/clock/clock_samc20_c21/clock.o
LOAD src/ASF/sam0/drivers/system/clock/clock_samc20_c21/gclk.o
LOAD src/ASF/sam0/drivers/system/interrupt/system_interrupt.o
LOAD src/ASF/sam0/drivers/system/pinmux/pinmux.o
LOAD src/ASF/sam0/drivers/system/system.o
LOAD src/ASF/sam0/utils/cmsis/samc21/source/gcc/startup_samc21.o
LOAD src/ASF/sam0/utils/cmsis/samc21/source/system_samc21.o
LOAD src/ASF/sam0/utils/syscalls/gcc/syscalls.o
LOAD src/main.o
LOAD src/sam_ba_monitor.o
LOAD src/usart_sam_ba.o
START GROUP
LOAD ../src/ASF/thirdparty/CMSIS/Lib/GCC\libarm_cortexM0l_math.a
LOAD c:/program files (x86)/atmel/studio/7.0/toolchain/arm/arm-gnu-toolchain/bin/../lib/gcc/arm-none-eabi/6.3.1/../../../../arm-none-eabi/lib/thumb/v6-m\libm.a
END GROUP
                0x00000400                STACK_SIZE = 0x400
START GROUP
LOAD c:/program files (x86)/atmel/studio/7.0/toolchain/arm/arm-gnu-toolchain/bin/../lib/gcc/arm-none-eabi/6.3.1/thumb/v6-m\libgcc.a
LOAD c:/program files (x86)/atmel/studio/7.0/toolchain/arm/arm-gnu-toolchain/bin/../lib/gcc/arm-none-eabi/6.3.1/../../../../arm-none-eabi/lib/thumb/v6-m\libc_nano.a
END GROUP
START GROUP
LOAD c:/program files (x86)/atmel/studio/7.0/toolchain/arm/arm-gnu-toolchain/bin/../lib/gcc/arm-none-eabi/6.3.1/thumb/v6-m\libgcc.a
LOAD c:/program files (x86)/atmel/studio/7.0/toolchain/arm/arm-gnu-toolchain/bin/../lib/gcc/arm-none-eabi/6.3.1/../../../../arm-none-eabi/lib/thumb/v6-m\libc_nano.a
END GROUP
LOAD c:/program files (x86)/atmel/studio/7.0/toolchain/arm/arm-gnu-toolchain/bin/../lib/gcc/arm-none-eabi/6.3.1/thumb/v6-m/crtend.o
LOAD c:/program files (x86)/atmel/studio/7.0/toolchain/arm/arm-gnu-toolchain/bin/../lib/gcc/arm-none-eabi/6.3.1/thumb/v6-m/crtn.o
                0x00002000                STACK_SIZE = DEFINED (STACK_SIZE)?STACK_SIZE:DEFINED (__stack_size__)?__stack_size__:0x2000

.text           0x00000000     0x1d48
                0x00000000                . = ALIGN (0x4)
                0x00000000                _sfixed = .
 *(.vectors .vectors.*)
 .vectors       0x00000000       0xbc src/ASF/sam0/utils/cmsis/samc21/source/gcc/startup_samc21.o
                0x00000000                exception_table
 *(.text .text.* .gnu.linkonce.t.*)
 .text          0x000000bc       0x60 c:/program files (x86)/atmel/studio/7.0/toolchain/arm/arm-gnu-toolchain/bin/../lib/gcc/arm-none-eabi/6.3.1/thumb/v6-m/crtbegin.o
 .text.cpu_irq_enter_critical
                0x0000011c       0x40 src/ASF/common/utils/interrupt/interrupt_sam_nvic.o
                0x0000011c                cpu_irq_enter_critical
 .text.cpu_irq_leave_critical
                0x0000015c       0x30 src/ASF/common/utils/interrupt/interrupt_sam_nvic.o
                0x0000015c                cpu_irq_leave_critical
 .text.system_board_init
                0x0000018c       0x34 src/ASF/sam0/boards/samc21_xplained_pro/board_init.o
                0x0000018c                board_init
                0x0000018c                system_board_init
 .text.port_pin_set_config
                0x000001c0       0x24 src/ASF/sam0/drivers/port/port.o
                0x000001c0                port_pin_set_config
 .text.long_division
                0x000001e4       0xba src/ASF/sam0/drivers/sercom/sercom.o
 .text._sercom_get_sync_baud_val
                0x0000029e       0x28 src/ASF/sam0/drivers/sercom/sercom.o
                0x0000029e                _sercom_get_sync_baud_val
 *fill*         0x000002c6        0x2 
 .text._sercom_get_async_baud_val
                0x000002c8       0x94 src/ASF/sam0/drivers/sercom/sercom.o
                0x000002c8                _sercom_get_async_baud_val
 .text.sercom_set_gclk_generator
                0x0000035c       0x4c src/ASF/sam0/drivers/sercom/sercom.o
                0x0000035c                sercom_set_gclk_generator
 .text._sercom_get_default_pad
                0x000003a8      0x17c src/ASF/sam0/drivers/sercom/sercom.o
                0x000003a8                _sercom_get_default_pad
 .text._sercom_get_sercom_inst_index
                0x00000524       0x38 src/ASF/sam0/drivers/sercom/sercom.o
                0x00000524                _sercom_get_sercom_inst_index
 .text._sercom_default_handler
                0x0000055c        0x2 src/ASF/sam0/drivers/sercom/sercom_interrupt.o
 *fill*         0x0000055e        0x2 
 .text._sercom_set_handler
                0x00000560       0x3c src/ASF/sam0/drivers/sercom/sercom_interrupt.o
                0x00000560                _sercom_set_handler
 .text._sercom_get_interrupt_vector
                0x0000059c       0x30 src/ASF/sam0/drivers/sercom/sercom_interrupt.o
                0x0000059c                _sercom_get_interrupt_vector
 .text.SERCOM0_Handler
                0x000005cc       0x10 src/ASF/sam0/drivers/sercom/sercom_interrupt.o
                0x000005cc                SERCOM0_Handler
 .text.SERCOM1_Handler
                0x000005dc       0x10 src/ASF/sam0/drivers/sercom/sercom_interrupt.o
                0x000005dc                SERCOM1_Handler
 .text.SERCOM2_Handler
                0x000005ec       0x10 src/ASF/sam0/drivers/sercom/sercom_interrupt.o
                0x000005ec                SERCOM2_Handler
 .text.SERCOM3_Handler
                0x000005fc       0x10 src/ASF/sam0/drivers/sercom/sercom_interrupt.o
                0x000005fc                SERCOM3_Handler
 .text.SERCOM4_Handler
                0x0000060c       0x10 src/ASF/sam0/drivers/sercom/sercom_interrupt.o
                0x0000060c                SERCOM4_Handler
 .text.SERCOM5_Handler
                0x0000061c       0x10 src/ASF/sam0/drivers/sercom/sercom_interrupt.o
                0x0000061c                SERCOM5_Handler
 .text.usart_init
                0x0000062c      0x3ac src/ASF/sam0/drivers/sercom/usart/usart.o
                0x0000062c                usart_init
 .text.usart_write_wait
                0x000009d8       0x26 src/ASF/sam0/drivers/sercom/usart/usart.o
                0x000009d8                usart_write_wait
 .text.usart_read_wait
                0x000009fe       0x6a src/ASF/sam0/drivers/sercom/usart/usart.o
                0x000009fe                usart_read_wait
 .text._usart_interrupt_handler
                0x00000a68      0x19c src/ASF/sam0/drivers/sercom/usart/usart_interrupt.o
                0x00000a68                _usart_interrupt_handler
 .text.system_clock_source_get_hz
                0x00000c04       0x5c src/ASF/sam0/drivers/system/clock/clock_samc20_c21/clock.o
                0x00000c04                system_clock_source_get_hz
 .text.system_clock_init
                0x00000c60       0x64 src/ASF/sam0/drivers/system/clock/clock_samc20_c21/clock.o
                0x00000c60                system_clock_init
 .text.system_gclk_init
                0x00000cc4       0x24 src/ASF/sam0/drivers/system/clock/clock_samc20_c21/gclk.o
                0x00000cc4                system_gclk_init
 .text.system_gclk_gen_set_config
                0x00000ce8       0xac src/ASF/sam0/drivers/system/clock/clock_samc20_c21/gclk.o
                0x00000ce8                system_gclk_gen_set_config
 .text.system_gclk_gen_enable
                0x00000d94       0x40 src/ASF/sam0/drivers/system/clock/clock_samc20_c21/gclk.o
                0x00000d94                system_gclk_gen_enable
 .text.system_gclk_gen_get_hz
                0x00000dd4       0x6c src/ASF/sam0/drivers/system/clock/clock_samc20_c21/gclk.o
                0x00000dd4                system_gclk_gen_get_hz
 .text.system_gclk_chan_enable
                0x00000e40       0x38 src/ASF/sam0/drivers/system/clock/clock_samc20_c21/gclk.o
                0x00000e40                system_gclk_chan_enable
 .text.system_gclk_chan_disable
                0x00000e78       0x38 src/ASF/sam0/drivers/system/clock/clock_samc20_c21/gclk.o
                0x00000e78                system_gclk_chan_disable
 .text.system_gclk_chan_set_config
                0x00000eb0       0x24 src/ASF/sam0/drivers/system/clock/clock_samc20_c21/gclk.o
                0x00000eb0                system_gclk_chan_set_config
 .text.system_gclk_chan_get_hz
                0x00000ed4       0x30 src/ASF/sam0/drivers/system/clock/clock_samc20_c21/gclk.o
                0x00000ed4                system_gclk_chan_get_hz
 .text._system_pinmux_config
                0x00000f04       0xa8 src/ASF/sam0/drivers/system/pinmux/pinmux.o
 .text.system_pinmux_pin_set_config
                0x00000fac       0x2c src/ASF/sam0/drivers/system/pinmux/pinmux.o
                0x00000fac                system_pinmux_pin_set_config
 .text._system_dummy_init
                0x00000fd8        0x2 src/ASF/sam0/drivers/system/system.o
                0x00000fd8                _system_extint_init
                0x00000fd8                _system_events_init
                0x00000fd8                _system_dummy_init
                0x00000fd8                _system_divas_init
 *fill*         0x00000fda        0x2 
 .text.system_init
                0x00000fdc       0x2c src/ASF/sam0/drivers/system/system.o
                0x00000fdc                system_init
 .text.Dummy_Handler
                0x00001008        0x2 src/ASF/sam0/utils/cmsis/samc21/source/gcc/startup_samc21.o
                0x00001008                DMAC_Handler
                0x00001008                HardFault_Handler
                0x00001008                TC2_Handler
                0x00001008                AC_Handler
                0x00001008                SysTick_Handler
                0x00001008                PendSV_Handler
                0x00001008                NMI_Handler
                0x00001008                TCC1_Handler
                0x00001008                TCC0_Handler
                0x00001008                RTC_Handler
                0x00001008                ADC1_Handler
                0x00001008                EIC_Handler
                0x00001008                WDT_Handler
                0x00001008                CAN0_Handler
                0x00001008                TC4_Handler
                0x00001008                TC1_Handler
                0x00001008                TC3_Handler
                0x00001008                SDADC_Handler
                0x00001008                Dummy_Handler
                0x00001008                CAN1_Handler
                0x00001008                ADC0_Handler
                0x00001008                TSENS_Handler
                0x00001008                SVC_Handler
                0x00001008                TCC2_Handler
                0x00001008                EVSYS_Handler
                0x00001008                NVMCTRL_Handler
                0x00001008                SYSTEM_Handler
                0x00001008                DAC_Handler
                0x00001008                PTC_Handler
                0x00001008                FREQM_Handler
                0x00001008                TC0_Handler
 *fill*         0x0000100a        0x2 
 .text.Reset_Handler
                0x0000100c       0x88 src/ASF/sam0/utils/cmsis/samc21/source/gcc/startup_samc21.o
                0x0000100c                Reset_Handler
 .text.main     0x00001094       0x8c src/main.o
                0x00001094                main
 .text.sam_ba_monitor_init
                0x00001120       0x18 src/sam_ba_monitor.o
                0x00001120                sam_ba_monitor_init
 .text.sam_ba_putdata_term
                0x00001138       0x8c src/sam_ba_monitor.o
                0x00001138                sam_ba_putdata_term
 .text.call_applet
                0x000011c4       0x28 src/sam_ba_monitor.o
                0x000011c4                call_applet
 .text.sam_ba_monitor_run
                0x000011ec      0x3a0 src/sam_ba_monitor.o
                0x000011ec                sam_ba_monitor_run
 .text.usart_open
                0x0000158c      0x134 src/usart_sam_ba.o
                0x0000158c                usart_open
 .text.usart_putc
                0x000016c0       0x18 src/usart_sam_ba.o
                0x000016c0                usart_putc
 .text.usart_is_rx_ready
                0x000016d8       0x10 src/usart_sam_ba.o
                0x000016d8                usart_is_rx_ready
 .text.usart_getc
                0x000016e8       0x2c src/usart_sam_ba.o
                0x000016e8                usart_getc
 .text.usart_sharp_received
                0x00001714       0x24 src/usart_sam_ba.o
                0x00001714                usart_sharp_received
 .text.usart_putdata
                0x00001738       0x20 src/usart_sam_ba.o
                0x00001738                usart_putdata
 .text.usart_getdata
                0x00001758       0x14 src/usart_sam_ba.o
                0x00001758                usart_getdata
 .text.add_crc  0x0000176c       0x2c src/usart_sam_ba.o
                0x0000176c                add_crc
 .text.getbytes
                0x00001798       0x94 src/usart_sam_ba.o
 .text.getPacket
                0x0000182c       0x7c src/usart_sam_ba.o
                0x0000182c                getPacket
 .text.usart_putdata_xmd
                0x000018a8      0x158 src/usart_sam_ba.o
                0x000018a8                usart_putdata_xmd
 .text.usart_getdata_xmd
                0x00001a00       0xf0 src/usart_sam_ba.o
                0x00001a00                usart_getdata_xmd
 .text          0x00001af0      0x114 c:/program files (x86)/atmel/studio/7.0/toolchain/arm/arm-gnu-toolchain/bin/../lib/gcc/arm-none-eabi/6.3.1/thumb/v6-m\libgcc.a(_udivsi3.o)
                0x00001af0                __aeabi_uidiv
                0x00001af0                __udivsi3
                0x00001bfc                __aeabi_uidivmod
 .text          0x00001c04        0x4 c:/program files (x86)/atmel/studio/7.0/toolchain/arm/arm-gnu-toolchain/bin/../lib/gcc/arm-none-eabi/6.3.1/thumb/v6-m\libgcc.a(_dvmd_tls.o)
                0x00001c04                __aeabi_idiv0
                0x00001c04                __aeabi_ldiv0
 .text          0x00001c08       0x54 c:/program files (x86)/atmel/studio/7.0/toolchain/arm/arm-gnu-toolchain/bin/../lib/gcc/arm-none-eabi/6.3.1/thumb/v6-m\libgcc.a(_muldi3.o)
                0x00001c08                __muldi3
                0x00001c08                __aeabi_lmul
 .text.__libc_init_array
                0x00001c5c       0x48 c:/program files (x86)/atmel/studio/7.0/toolchain/arm/arm-gnu-toolchain/bin/../lib/gcc/arm-none-eabi/6.3.1/../../../../arm-none-eabi/lib/thumb/v6-m\libc_nano.a(lib_a-init.o)
                0x00001c5c                __libc_init_array
 *(.glue_7t)
 .glue_7t       0x00001ca4        0x0 linker stubs
 *(.glue_7)
 .glue_7        0x00001ca4        0x0 linker stubs
 *(.rodata .rodata* .gnu.linkonce.r.*)
 .rodata        0x00001ca4       0x18 src/ASF/sam0/drivers/sercom/sercom.o
 .rodata.system_clock_source_get_hz
                0x00001cbc       0x20 src/ASF/sam0/drivers/system/clock/clock_samc20_c21/clock.o
 .rodata.RomBOOT_Version
                0x00001cdc        0x5 src/sam_ba_monitor.o
                0x00001cdc                RomBOOT_Version
 *fill*         0x00001ce1        0x3 
 .rodata.sam_ba_monitor_run.str1.4
                0x00001ce4       0x28 src/sam_ba_monitor.o
                                 0x26 (size before relaxing)
 .rodata.uart_if
                0x00001d0c       0x1c src/sam_ba_monitor.o
                0x00001d0c                uart_if
 *(.ARM.extab* .gnu.linkonce.armextab.*)
                0x00001d28                . = ALIGN (0x4)
 *(.init)
 .init          0x00001d28        0x4 c:/program files (x86)/atmel/studio/7.0/toolchain/arm/arm-gnu-toolchain/bin/../lib/gcc/arm-none-eabi/6.3.1/thumb/v6-m/crti.o
                0x00001d28                _init
 .init          0x00001d2c        0x8 c:/program files (x86)/atmel/studio/7.0/toolchain/arm/arm-gnu-toolchain/bin/../lib/gcc/arm-none-eabi/6.3.1/thumb/v6-m/crtn.o
                0x00001d34                . = ALIGN (0x4)
                0x00001d34                __preinit_array_start = .
 *(.preinit_array)
                0x00001d34                __preinit_array_end = .
                0x00001d34                . = ALIGN (0x4)
                0x00001d34                __init_array_start = .
 *(SORT(.init_array.*))
 *(.init_array)
 .init_array    0x00001d34        0x4 c:/program files (x86)/atmel/studio/7.0/toolchain/arm/arm-gnu-toolchain/bin/../lib/gcc/arm-none-eabi/6.3.1/thumb/v6-m/crtbegin.o
                0x00001d38                __init_array_end = .
                0x00001d38                . = ALIGN (0x4)
 *crtbegin.o(.ctors)
 *(EXCLUDE_FILE(*crtend.o) .ctors)
 *(SORT(.ctors.*))
 *crtend.o(.ctors)
                0x00001d38                . = ALIGN (0x4)
 *(.fini)
 .fini          0x00001d38        0x4 c:/program files (x86)/atmel/studio/7.0/toolchain/arm/arm-gnu-toolchain/bin/../lib/gcc/arm-none-eabi/6.3.1/thumb/v6-m/crti.o
                0x00001d38                _fini
 .fini          0x00001d3c        0x8 c:/program files (x86)/atmel/studio/7.0/toolchain/arm/arm-gnu-toolchain/bin/../lib/gcc/arm-none-eabi/6.3.1/thumb/v6-m/crtn.o
                0x00001d44                . = ALIGN (0x4)
                0x00001d44                __fini_array_start = .
 *(.fini_array)
 .fini_array    0x00001d44        0x4 c:/program files (x86)/atmel/studio/7.0/toolchain/arm/arm-gnu-toolchain/bin/../lib/gcc/arm-none-eabi/6.3.1/thumb/v6-m/crtbegin.o
 *(SORT(.fini_array.*))
                0x00001d48                __fini_array_end = .
 *crtbegin.o(.dtors)
 *(EXCLUDE_FILE(*crtend.o) .dtors)
 *(SORT(.dtors.*))
 *crtend.o(.dtors)
                0x00001d48                . = ALIGN (0x4)
                0x00001d48                _efixed = .
                [!provide]                PROVIDE (__exidx_start, .)

.vfp11_veneer   0x00001d48        0x0
 .vfp11_veneer  0x00001d48        0x0 linker stubs

.v4_bx          0x00001d48        0x0
 .v4_bx         0x00001d48        0x0 linker stubs

.iplt           0x00001d48        0x0
 .iplt          0x00001d48        0x0 c:/program files (x86)/atmel/studio/7.0/toolchain/arm/arm-gnu-toolchain/bin/../lib/gcc/arm-none-eabi/6.3.1/thumb/v6-m/crtbegin.o

.eh_frame       0x00001d48        0x0
 .eh_frame      0x00001d48        0x0 c:/program files (x86)/atmel/studio/7.0/toolchain/arm/arm-gnu-toolchain/bin/../lib/gcc/arm-none-eabi/6.3.1/thumb/v6-m/crtbegin.o

.rel.dyn        0x00001d48        0x0
 .rel.iplt      0x00001d48        0x0 c:/program files (x86)/atmel/studio/7.0/toolchain/arm/arm-gnu-toolchain/bin/../lib/gcc/arm-none-eabi/6.3.1/thumb/v6-m/crtbegin.o

.jcr            0x00001d48        0x0
 .jcr           0x00001d48        0x0 c:/program files (x86)/atmel/studio/7.0/toolchain/arm/arm-gnu-toolchain/bin/../lib/gcc/arm-none-eabi/6.3.1/thumb/v6-m/crtbegin.o

.igot.plt       0x00001d48        0x0
 .igot.plt      0x00001d48        0x0 c:/program files (x86)/atmel/studio/7.0/toolchain/arm/arm-gnu-toolchain/bin/../lib/gcc/arm-none-eabi/6.3.1/thumb/v6-m/crtbegin.o

.ARM.exidx
 *(.ARM.exidx* .gnu.linkonce.armexidx.*)
                [!provide]                PROVIDE (__exidx_end, .)
                0x00001d48                . = ALIGN (0x4)
                0x00001d48                _etext = .

.relocate       0x20000000        0x4 load address 0x00001d48
                0x20000000                . = ALIGN (0x4)
                0x20000000                _srelocate = .
 *(.ramfunc .ramfunc.*)
 *(.data .data.*)
 .data.g_interrupt_enabled
                0x20000000        0x1 src/ASF/common/utils/interrupt/interrupt_sam_nvic.o
                0x20000000                g_interrupt_enabled
                0x20000004                . = ALIGN (0x4)
 *fill*         0x20000001        0x3 
                0x20000004                _erelocate = .

.bss            0x20000004      0x210 load address 0x00001d4c
                0x20000004                . = ALIGN (0x4)
                0x20000004                _sbss = .
                0x20000004                _szero = .
 *(.bss .bss.*)
 .bss           0x20000004       0x1c c:/program files (x86)/atmel/studio/7.0/toolchain/arm/arm-gnu-toolchain/bin/../lib/gcc/arm-none-eabi/6.3.1/thumb/v6-m/crtbegin.o
 .bss.cpu_irq_critical_section_counter
                0x20000020        0x4 src/ASF/common/utils/interrupt/interrupt_sam_nvic.o
 .bss.cpu_irq_prev_interrupt_state
                0x20000024        0x1 src/ASF/common/utils/interrupt/interrupt_sam_nvic.o
 *fill*         0x20000025        0x3 
 .bss._sercom_config
                0x20000028        0x2 src/ASF/sam0/drivers/sercom/sercom.o
 .bss._handler_table_initialized
                0x2000002a        0x1 src/ASF/sam0/drivers/sercom/sercom_interrupt.o
 *fill*         0x2000002b        0x1 
 .bss._sercom_interrupt_handlers
                0x2000002c       0x18 src/ASF/sam0/drivers/sercom/sercom_interrupt.o
 .bss._system_clock_inst
                0x20000044        0xc src/ASF/sam0/drivers/system/clock/clock_samc20_c21/clock.o
 .bss.b_terminal_mode
                0x20000050        0x1 src/sam_ba_monitor.o
                0x20000050                b_terminal_mode
 *(COMMON)
 *fill*         0x20000051        0x3 
 COMMON         0x20000054       0x18 src/ASF/sam0/drivers/sercom/sercom_interrupt.o
                0x20000054                _sercom_instances
 COMMON         0x2000006c       0x68 src/sam_ba_monitor.o
                0x2000006c                j
                0x20000070                length
                0x20000074                ptr
                0x20000078                command
                0x2000007c                i
                0x20000080                data
                0x200000c0                ptr_data
                0x200000c4                ptr_monitor_if
                0x200000c8                sp
                0x200000cc                current_number
                0x200000d0                u32tmp
 COMMON         0x200000d4      0x140 src/usart_sam_ba.o
                0x200000d4                b_sharp_received
                0x200000d5                idx_rx_write
                0x200000d6                size_of_data
                0x200000d8                idx_tx_read
                0x200000dc                usart_sam_ba
                0x20000110                buffer_tx_usart
                0x20000190                error_timeout
                0x20000191                mode_of_transfer
                0x20000192                idx_rx_read
                0x20000193                idx_tx_write
                0x20000194                buffer_rx_usart
                0x20000214                . = ALIGN (0x4)
                0x20000214                _ebss = .
                0x20000214                _ezero = .

.stack          0x20000214      0x404 load address 0x00001f5c
                0x20000218                . = ALIGN (0x8)
 *fill*         0x20000214        0x4 
                0x20000218                _sstack = .
                0x20000618                . = (. + STACK_SIZE)
 *fill*         0x20000218      0x400 
                0x20000618                . = ALIGN (0x8)
                0x20000618                _estack = .
                0x20000618                . = ALIGN (0x4)
                0x20000618                _end = .
OUTPUT(SAMBA_BOOTLOADER1.elf elf32-littlearm)

.ARM.attributes
                0x00000000       0x28
 .ARM.attributes
                0x00000000       0x1e c:/program files (x86)/atmel/studio/7.0/toolchain/arm/arm-gnu-toolchain/bin/../lib/gcc/arm-none-eabi/6.3.1/thumb/v6-m/crti.o
 .ARM.attributes
                0x0000001e       0x2c c:/program files (x86)/atmel/studio/7.0/toolchain/arm/arm-gnu-toolchain/bin/../lib/gcc/arm-none-eabi/6.3.1/thumb/v6-m/crtbegin.o
 .ARM.attributes
                0x0000004a       0x32 src/ASF/common/utils/interrupt/interrupt_sam_nvic.o
 .ARM.attributes
                0x0000007c       0x32 src/ASF/sam0/boards/samc21_xplained_pro/board_init.o
 .ARM.attributes
                0x000000ae       0x32 src/ASF/sam0/drivers/port/port.o
 .ARM.attributes
                0x000000e0       0x32 src/ASF/sam0/drivers/sercom/sercom.o
 .ARM.attributes
                0x00000112       0x32 src/ASF/sam0/drivers/sercom/sercom_interrupt.o
 .ARM.attributes
                0x00000144       0x32 src/ASF/sam0/drivers/sercom/usart/usart.o
 .ARM.attributes
                0x00000176       0x32 src/ASF/sam0/drivers/sercom/usart/usart_interrupt.o
 .ARM.attributes
                0x000001a8       0x32 src/ASF/sam0/drivers/system/clock/clock_samc20_c21/clock.o
 .ARM.attributes
                0x000001da       0x32 src/ASF/sam0/drivers/system/clock/clock_samc20_c21/gclk.o
 .ARM.attributes
                0x0000020c       0x32 src/ASF/sam0/drivers/system/pinmux/pinmux.o
 .ARM.attributes
                0x0000023e       0x32 src/ASF/sam0/drivers/system/system.o
 .ARM.attributes
                0x00000270       0x32 src/ASF/sam0/utils/cmsis/samc21/source/gcc/startup_samc21.o
 .ARM.attributes
                0x000002a2       0x32 src/main.o
 .ARM.attributes
                0x000002d4       0x32 src/sam_ba_monitor.o
 .ARM.attributes
                0x00000306       0x32 src/usart_sam_ba.o
 .ARM.attributes
                0x00000338       0x1e c:/program files (x86)/atmel/studio/7.0/toolchain/arm/arm-gnu-toolchain/bin/../lib/gcc/arm-none-eabi/6.3.1/thumb/v6-m\libgcc.a(_udivsi3.o)
 .ARM.attributes
                0x00000356       0x1e c:/program files (x86)/atmel/studio/7.0/toolchain/arm/arm-gnu-toolchain/bin/../lib/gcc/arm-none-eabi/6.3.1/thumb/v6-m\libgcc.a(_dvmd_tls.o)
 .ARM.attributes
                0x00000374       0x2c c:/program files (x86)/atmel/studio/7.0/toolchain/arm/arm-gnu-toolchain/bin/../lib/gcc/arm-none-eabi/6.3.1/thumb/v6-m\libgcc.a(_muldi3.o)
 .ARM.attributes
                0x000003a0       0x2c c:/program files (x86)/atmel/studio/7.0/toolchain/arm/arm-gnu-toolchain/bin/../lib/gcc/arm-none-eabi/6.3.1/../../../../arm-none-eabi/lib/thumb/v6-m\libc_nano.a(lib_a-init.o)
 .ARM.attributes
                0x000003cc       0x1e c:/program files (x86)/atmel/studio/7.0/toolchain/arm/arm-gnu-toolchain/bin/../lib/gcc/arm-none-eabi/6.3.1/thumb/v6-m/crtn.o

.comment        0x00000000       0x59
 .comment       0x00000000       0x59 src/ASF/common/utils/interrupt/interrupt_sam_nvic.o
                                 0x5a (size before relaxing)
 .comment       0x00000059       0x5a src/ASF/sam0/boards/samc21_xplained_pro/board_init.o
 .comment       0x00000059       0x5a src/ASF/sam0/drivers/port/port.o
 .comment       0x00000059       0x5a src/ASF/sam0/drivers/sercom/sercom.o
 .comment       0x00000059       0x5a src/ASF/sam0/drivers/sercom/sercom_interrupt.o
 .comment       0x00000059       0x5a src/ASF/sam0/drivers/sercom/usart/usart.o
 .comment       0x00000059       0x5a src/ASF/sam0/drivers/sercom/usart/usart_interrupt.o
 .comment       0x00000059       0x5a src/ASF/sam0/drivers/system/clock/clock_samc20_c21/clock.o
 .comment       0x00000059       0x5a src/ASF/sam0/drivers/system/clock/clock_samc20_c21/gclk.o
 .comment       0x00000059       0x5a src/ASF/sam0/drivers/system/pinmux/pinmux.o
 .comment       0x00000059       0x5a src/ASF/sam0/drivers/system/system.o
 .comment       0x00000059       0x5a src/ASF/sam0/utils/cmsis/samc21/source/gcc/startup_samc21.o
 .comment       0x00000059       0x5a src/main.o
 .comment       0x00000059       0x5a src/sam_ba_monitor.o
 .comment       0x00000059       0x5a src/usart_sam_ba.o

.debug_info     0x00000000    0x1e33d
 .debug_info    0x00000000      0xb05 src/ASF/common/utils/interrupt/interrupt_sam_nvic.o
 .debug_info    0x00000b05     0x124a src/ASF/sam0/boards/samc21_xplained_pro/board_init.o
 .debug_info    0x00001d4f     0x1254 src/ASF/sam0/drivers/port/port.o
 .debug_info    0x00002fa3     0x2e9e src/ASF/sam0/drivers/sercom/sercom.o
 .debug_info    0x00005e41     0x2cb8 src/ASF/sam0/drivers/sercom/sercom_interrupt.o
 .debug_info    0x00008af9     0x4ab0 src/ASF/sam0/drivers/sercom/usart/usart.o
 .debug_info    0x0000d5a9     0x30cb src/ASF/sam0/drivers/sercom/usart/usart_interrupt.o
 .debug_info    0x00010674     0x381a src/ASF/sam0/drivers/system/clock/clock_samc20_c21/clock.o
 .debug_info    0x00013e8e     0x1c3d src/ASF/sam0/drivers/system/clock/clock_samc20_c21/gclk.o
 .debug_info    0x00015acb     0x1391 src/ASF/sam0/drivers/system/pinmux/pinmux.o
 .debug_info    0x00016e5c      0xa73 src/ASF/sam0/drivers/system/system.o
 .debug_info    0x000178cf      0x523 src/ASF/sam0/utils/cmsis/samc21/source/gcc/startup_samc21.o
 .debug_info    0x00017df2     0x136e src/main.o
 .debug_info    0x00019160     0x118f src/sam_ba_monitor.o
 .debug_info    0x0001a2ef     0x404e src/usart_sam_ba.o

.debug_abbrev   0x00000000     0x305d
 .debug_abbrev  0x00000000      0x23b src/ASF/common/utils/interrupt/interrupt_sam_nvic.o
 .debug_abbrev  0x0000023b      0x2c7 src/ASF/sam0/boards/samc21_xplained_pro/board_init.o
 .debug_abbrev  0x00000502      0x283 src/ASF/sam0/drivers/port/port.o
 .debug_abbrev  0x00000785      0x378 src/ASF/sam0/drivers/sercom/sercom.o
 .debug_abbrev  0x00000afd      0x2d8 src/ASF/sam0/drivers/sercom/sercom_interrupt.o
 .debug_abbrev  0x00000dd5      0x467 src/ASF/sam0/drivers/sercom/usart/usart.o
 .debug_abbrev  0x0000123c      0x416 src/ASF/sam0/drivers/sercom/usart/usart_interrupt.o
 .debug_abbrev  0x00001652      0x3f1 src/ASF/sam0/drivers/system/clock/clock_samc20_c21/clock.o
 .debug_abbrev  0x00001a43      0x405 src/ASF/sam0/drivers/system/clock/clock_samc20_c21/gclk.o
 .debug_abbrev  0x00001e48      0x34c src/ASF/sam0/drivers/system/pinmux/pinmux.o
 .debug_abbrev  0x00002194      0x1e1 src/ASF/sam0/drivers/system/system.o
 .debug_abbrev  0x00002375      0x14f src/ASF/sam0/utils/cmsis/samc21/source/gcc/startup_samc21.o
 .debug_abbrev  0x000024c4      0x323 src/main.o
 .debug_abbrev  0x000027e7      0x36b src/sam_ba_monitor.o
 .debug_abbrev  0x00002b52      0x50b src/usart_sam_ba.o

.debug_aranges  0x00000000      0x430
 .debug_aranges
                0x00000000       0x28 src/ASF/common/utils/interrupt/interrupt_sam_nvic.o
 .debug_aranges
                0x00000028       0x20 src/ASF/sam0/boards/samc21_xplained_pro/board_init.o
 .debug_aranges
                0x00000048       0x28 src/ASF/sam0/drivers/port/port.o
 .debug_aranges
                0x00000070       0x48 src/ASF/sam0/drivers/sercom/sercom.o
 .debug_aranges
                0x000000b8       0x60 src/ASF/sam0/drivers/sercom/sercom_interrupt.o
 .debug_aranges
                0x00000118       0x40 src/ASF/sam0/drivers/sercom/usart/usart.o
 .debug_aranges
                0x00000158       0x70 src/ASF/sam0/drivers/sercom/usart/usart_interrupt.o
 .debug_aranges
                0x000001c8       0x78 src/ASF/sam0/drivers/system/clock/clock_samc20_c21/clock.o
 .debug_aranges
                0x00000240       0x80 src/ASF/sam0/drivers/system/clock/clock_samc20_c21/gclk.o
 .debug_aranges
                0x000002c0       0x40 src/ASF/sam0/drivers/system/pinmux/pinmux.o
 .debug_aranges
                0x00000300       0x28 src/ASF/sam0/drivers/system/system.o
 .debug_aranges
                0x00000328       0x28 src/ASF/sam0/utils/cmsis/samc21/source/gcc/startup_samc21.o
 .debug_aranges
                0x00000350       0x20 src/main.o
 .debug_aranges
                0x00000370       0x38 src/sam_ba_monitor.o
 .debug_aranges
                0x000003a8       0x88 src/usart_sam_ba.o

.debug_ranges   0x00000000      0x498
 .debug_ranges  0x00000000       0x18 src/ASF/common/utils/interrupt/interrupt_sam_nvic.o
 .debug_ranges  0x00000018       0x10 src/ASF/sam0/boards/samc21_xplained_pro/board_init.o
 .debug_ranges  0x00000028       0x18 src/ASF/sam0/drivers/port/port.o
 .debug_ranges  0x00000040       0x50 src/ASF/sam0/drivers/sercom/sercom.o
 .debug_ranges  0x00000090       0x50 src/ASF/sam0/drivers/sercom/sercom_interrupt.o
 .debug_ranges  0x000000e0      0x140 src/ASF/sam0/drivers/sercom/usart/usart.o
 .debug_ranges  0x00000220       0x60 src/ASF/sam0/drivers/sercom/usart/usart_interrupt.o
 .debug_ranges  0x00000280       0x68 src/ASF/sam0/drivers/system/clock/clock_samc20_c21/clock.o
 .debug_ranges  0x000002e8       0x88 src/ASF/sam0/drivers/system/clock/clock_samc20_c21/gclk.o
 .debug_ranges  0x00000370       0x30 src/ASF/sam0/drivers/system/pinmux/pinmux.o
 .debug_ranges  0x000003a0       0x18 src/ASF/sam0/drivers/system/system.o
 .debug_ranges  0x000003b8       0x18 src/ASF/sam0/utils/cmsis/samc21/source/gcc/startup_samc21.o
 .debug_ranges  0x000003d0       0x10 src/main.o
 .debug_ranges  0x000003e0       0x28 src/sam_ba_monitor.o
 .debug_ranges  0x00000408       0x90 src/usart_sam_ba.o

.debug_macro    0x00000000    0x1ed59
 .debug_macro   0x00000000      0x5e0 src/ASF/common/utils/interrupt/interrupt_sam_nvic.o
 .debug_macro   0x000005e0      0x8b6 src/ASF/common/utils/interrupt/interrupt_sam_nvic.o
 .debug_macro   0x00000e96      0x16d src/ASF/common/utils/interrupt/interrupt_sam_nvic.o
 .debug_macro   0x00001003      0x71d src/ASF/common/utils/interrupt/interrupt_sam_nvic.o
 .debug_macro   0x00001720       0x22 src/ASF/common/utils/interrupt/interrupt_sam_nvic.o
 .debug_macro   0x00001742       0x87 src/ASF/common/utils/interrupt/interrupt_sam_nvic.o
 .debug_macro   0x000017c9       0x51 src/ASF/common/utils/interrupt/interrupt_sam_nvic.o
 .debug_macro   0x0000181a       0xef src/ASF/common/utils/interrupt/interrupt_sam_nvic.o
 .debug_macro   0x00001909       0x6a src/ASF/common/utils/interrupt/interrupt_sam_nvic.o
 .debug_macro   0x00001973      0x1df src/ASF/common/utils/interrupt/interrupt_sam_nvic.o
 .debug_macro   0x00001b52       0x10 src/ASF/common/utils/interrupt/interrupt_sam_nvic.o
 .debug_macro   0x00001b62       0x76 src/ASF/common/utils/interrupt/interrupt_sam_nvic.o
 .debug_macro   0x00001bd8       0x16 src/ASF/common/utils/interrupt/interrupt_sam_nvic.o
 .debug_macro   0x00001bee      0x6db src/ASF/common/utils/interrupt/interrupt_sam_nvic.o
 .debug_macro   0x000022c9      0xdd8 src/ASF/common/utils/interrupt/interrupt_sam_nvic.o
 .debug_macro   0x000030a1       0x22 src/ASF/common/utils/interrupt/interrupt_sam_nvic.o
 .debug_macro   0x000030c3       0x40 src/ASF/common/utils/interrupt/interrupt_sam_nvic.o
 .debug_macro   0x00003103       0x1c src/ASF/common/utils/interrupt/interrupt_sam_nvic.o
 .debug_macro   0x0000311f       0x22 src/ASF/common/utils/interrupt/interrupt_sam_nvic.o
 .debug_macro   0x00003141       0xb5 src/ASF/common/utils/interrupt/interrupt_sam_nvic.o
 .debug_macro   0x000031f6      0x4da src/ASF/common/utils/interrupt/interrupt_sam_nvic.o
 .debug_macro   0x000036d0      0x11f src/ASF/common/utils/interrupt/interrupt_sam_nvic.o
 .debug_macro   0x000037ef      0x897 src/ASF/common/utils/interrupt/interrupt_sam_nvic.o
 .debug_macro   0x00004086      0x8c4 src/ASF/common/utils/interrupt/interrupt_sam_nvic.o
 .debug_macro   0x0000494a     0x2d61 src/ASF/common/utils/interrupt/interrupt_sam_nvic.o
 .debug_macro   0x000076ab      0x222 src/ASF/common/utils/interrupt/interrupt_sam_nvic.o
 .debug_macro   0x000078cd      0x286 src/ASF/common/utils/interrupt/interrupt_sam_nvic.o
 .debug_macro   0x00007b53      0x137 src/ASF/common/utils/interrupt/interrupt_sam_nvic.o
 .debug_macro   0x00007c8a      0xc3a src/ASF/common/utils/interrupt/interrupt_sam_nvic.o
 .debug_macro   0x000088c4      0x5f0 src/ASF/common/utils/interrupt/interrupt_sam_nvic.o
 .debug_macro   0x00008eb4      0x5be src/ASF/common/utils/interrupt/interrupt_sam_nvic.o
 .debug_macro   0x00009472      0x828 src/ASF/common/utils/interrupt/interrupt_sam_nvic.o
 .debug_macro   0x00009c9a      0x172 src/ASF/common/utils/interrupt/interrupt_sam_nvic.o
 .debug_macro   0x00009e0c      0x286 src/ASF/common/utils/interrupt/interrupt_sam_nvic.o
 .debug_macro   0x0000a092      0x55f src/ASF/common/utils/interrupt/interrupt_sam_nvic.o
 .debug_macro   0x0000a5f1      0x433 src/ASF/common/utils/interrupt/interrupt_sam_nvic.o
 .debug_macro   0x0000aa24      0x21c src/ASF/common/utils/interrupt/interrupt_sam_nvic.o
 .debug_macro   0x0000ac40      0x7a2 src/ASF/common/utils/interrupt/interrupt_sam_nvic.o
 .debug_macro   0x0000b3e2      0x557 src/ASF/common/utils/interrupt/interrupt_sam_nvic.o
 .debug_macro   0x0000b939      0x335 src/ASF/common/utils/interrupt/interrupt_sam_nvic.o
 .debug_macro   0x0000bc6e      0x6ab src/ASF/common/utils/interrupt/interrupt_sam_nvic.o
 .debug_macro   0x0000c319       0xc4 src/ASF/common/utils/interrupt/interrupt_sam_nvic.o
 .debug_macro   0x0000c3dd      0x349 src/ASF/common/utils/interrupt/interrupt_sam_nvic.o
 .debug_macro   0x0000c726       0x6a src/ASF/common/utils/interrupt/interrupt_sam_nvic.o
 .debug_macro   0x0000c790     0x1216 src/ASF/common/utils/interrupt/interrupt_sam_nvic.o
 .debug_macro   0x0000d9a6      0x5a9 src/ASF/common/utils/interrupt/interrupt_sam_nvic.o
 .debug_macro   0x0000df4f      0xfc5 src/ASF/common/utils/interrupt/interrupt_sam_nvic.o
 .debug_macro   0x0000ef14      0x5a1 src/ASF/common/utils/interrupt/interrupt_sam_nvic.o
 .debug_macro   0x0000f4b5      0x3c4 src/ASF/common/utils/interrupt/interrupt_sam_nvic.o
 .debug_macro   0x0000f879      0x8b2 src/ASF/common/utils/interrupt/interrupt_sam_nvic.o
 .debug_macro   0x0001012b     0x19c2 src/ASF/common/utils/interrupt/interrupt_sam_nvic.o
 .debug_macro   0x00011aed      0x39c src/ASF/common/utils/interrupt/interrupt_sam_nvic.o
 .debug_macro   0x00011e89      0x36e src/ASF/common/utils/interrupt/interrupt_sam_nvic.o
 .debug_macro   0x000121f7       0x94 src/ASF/common/utils/interrupt/interrupt_sam_nvic.o
 .debug_macro   0x0001228b       0xac src/ASF/common/utils/interrupt/interrupt_sam_nvic.o
 .debug_macro   0x00012337       0xac src/ASF/common/utils/interrupt/interrupt_sam_nvic.o
 .debug_macro   0x000123e3      0x14d src/ASF/common/utils/interrupt/interrupt_sam_nvic.o
 .debug_macro   0x00012530      0x14d src/ASF/common/utils/interrupt/interrupt_sam_nvic.o
 .debug_macro   0x0001267d       0x4c src/ASF/common/utils/interrupt/interrupt_sam_nvic.o
 .debug_macro   0x000126c9       0x58 src/ASF/common/utils/interrupt/interrupt_sam_nvic.o
 .debug_macro   0x00012721       0x3a src/ASF/common/utils/interrupt/interrupt_sam_nvic.o
 .debug_macro   0x0001275b       0xd0 src/ASF/common/utils/interrupt/interrupt_sam_nvic.o
 .debug_macro   0x0001282b       0xb8 src/ASF/common/utils/interrupt/interrupt_sam_nvic.o
 .debug_macro   0x000128e3       0x64 src/ASF/common/utils/interrupt/interrupt_sam_nvic.o
 .debug_macro   0x00012947      0x5fe src/ASF/common/utils/interrupt/interrupt_sam_nvic.o
 .debug_macro   0x00012f45       0x46 src/ASF/common/utils/interrupt/interrupt_sam_nvic.o
 .debug_macro   0x00012f8b      0x1c2 src/ASF/common/utils/interrupt/interrupt_sam_nvic.o
 .debug_macro   0x0001314d      0x188 src/ASF/common/utils/interrupt/interrupt_sam_nvic.o
 .debug_macro   0x000132d5       0x52 src/ASF/common/utils/interrupt/interrupt_sam_nvic.o
 .debug_macro   0x00013327       0xa0 src/ASF/common/utils/interrupt/interrupt_sam_nvic.o
 .debug_macro   0x000133c7       0xdc src/ASF/common/utils/interrupt/interrupt_sam_nvic.o
 .debug_macro   0x000134a3       0x8e src/ASF/common/utils/interrupt/interrupt_sam_nvic.o
 .debug_macro   0x00013531       0x4c src/ASF/common/utils/interrupt/interrupt_sam_nvic.o
 .debug_macro   0x0001357d       0x64 src/ASF/common/utils/interrupt/interrupt_sam_nvic.o
 .debug_macro   0x000135e1       0x22 src/ASF/common/utils/interrupt/interrupt_sam_nvic.o
 .debug_macro   0x00013603      0x16e src/ASF/common/utils/interrupt/interrupt_sam_nvic.o
 .debug_macro   0x00013771       0x16 src/ASF/common/utils/interrupt/interrupt_sam_nvic.o
 .debug_macro   0x00013787       0xd6 src/ASF/common/utils/interrupt/interrupt_sam_nvic.o
 .debug_macro   0x0001385d       0xa0 src/ASF/common/utils/interrupt/interrupt_sam_nvic.o
 .debug_macro   0x000138fd      0x136 src/ASF/common/utils/interrupt/interrupt_sam_nvic.o
 .debug_macro   0x00013a33      0x136 src/ASF/common/utils/interrupt/interrupt_sam_nvic.o
 .debug_macro   0x00013b69      0x136 src/ASF/common/utils/interrupt/interrupt_sam_nvic.o
 .debug_macro   0x00013c9f      0x136 src/ASF/common/utils/interrupt/interrupt_sam_nvic.o
 .debug_macro   0x00013dd5      0x136 src/ASF/common/utils/interrupt/interrupt_sam_nvic.o
 .debug_macro   0x00013f0b      0x136 src/ASF/common/utils/interrupt/interrupt_sam_nvic.o
 .debug_macro   0x00014041       0x4c src/ASF/common/utils/interrupt/interrupt_sam_nvic.o
 .debug_macro   0x0001408d      0x16c src/ASF/common/utils/interrupt/interrupt_sam_nvic.o
 .debug_macro   0x000141f9       0xfa src/ASF/common/utils/interrupt/interrupt_sam_nvic.o
 .debug_macro   0x000142f3       0xfa src/ASF/common/utils/interrupt/interrupt_sam_nvic.o
 .debug_macro   0x000143ed       0xfa src/ASF/common/utils/interrupt/interrupt_sam_nvic.o
 .debug_macro   0x000144e7       0xfa src/ASF/common/utils/interrupt/interrupt_sam_nvic.o
 .debug_macro   0x000145e1       0xfa src/ASF/common/utils/interrupt/interrupt_sam_nvic.o
 .debug_macro   0x000146db      0x124 src/ASF/common/utils/interrupt/interrupt_sam_nvic.o
 .debug_macro   0x000147ff       0xfa src/ASF/common/utils/interrupt/interrupt_sam_nvic.o
 .debug_macro   0x000148f9       0xee src/ASF/common/utils/interrupt/interrupt_sam_nvic.o
 .debug_macro   0x000149e7       0x76 src/ASF/common/utils/interrupt/interrupt_sam_nvic.o
 .debug_macro   0x00014a5d       0x3a src/ASF/common/utils/interrupt/interrupt_sam_nvic.o
 .debug_macro   0x00014a97      0x487 src/ASF/common/utils/interrupt/interrupt_sam_nvic.o
 .debug_macro   0x00014f1e     0x2683 src/ASF/common/utils/interrupt/interrupt_sam_nvic.o
 .debug_macro   0x000175a1       0x82 src/ASF/common/utils/interrupt/interrupt_sam_nvic.o
 .debug_macro   0x00017623       0x58 src/ASF/common/utils/interrupt/interrupt_sam_nvic.o
 .debug_macro   0x0001767b       0x35 src/ASF/common/utils/interrupt/interrupt_sam_nvic.o
 .debug_macro   0x000176b0       0x9c src/ASF/common/utils/interrupt/interrupt_sam_nvic.o
 .debug_macro   0x0001774c       0x16 src/ASF/common/utils/interrupt/interrupt_sam_nvic.o
 .debug_macro   0x00017762       0x35 src/ASF/common/utils/interrupt/interrupt_sam_nvic.o
 .debug_macro   0x00017797      0x34d src/ASF/common/utils/interrupt/interrupt_sam_nvic.o
 .debug_macro   0x00017ae4       0x10 src/ASF/common/utils/interrupt/interrupt_sam_nvic.o
 .debug_macro   0x00017af4       0x58 src/ASF/common/utils/interrupt/interrupt_sam_nvic.o
 .debug_macro   0x00017b4c       0x1f src/ASF/common/utils/interrupt/interrupt_sam_nvic.o
 .debug_macro   0x00017b6b       0x43 src/ASF/common/utils/interrupt/interrupt_sam_nvic.o
 .debug_macro   0x00017bae       0x20 src/ASF/common/utils/interrupt/interrupt_sam_nvic.o
 .debug_macro   0x00017bce      0x187 src/ASF/common/utils/interrupt/interrupt_sam_nvic.o
 .debug_macro   0x00017d55       0x10 src/ASF/common/utils/interrupt/interrupt_sam_nvic.o
 .debug_macro   0x00017d65       0x1c src/ASF/common/utils/interrupt/interrupt_sam_nvic.o
 .debug_macro   0x00017d81       0x52 src/ASF/common/utils/interrupt/interrupt_sam_nvic.o
 .debug_macro   0x00017dd3       0x40 src/ASF/common/utils/interrupt/interrupt_sam_nvic.o
 .debug_macro   0x00017e13       0x10 src/ASF/common/utils/interrupt/interrupt_sam_nvic.o
 .debug_macro   0x00017e23       0x40 src/ASF/common/utils/interrupt/interrupt_sam_nvic.o
 .debug_macro   0x00017e63       0xd7 src/ASF/common/utils/interrupt/interrupt_sam_nvic.o
 .debug_macro   0x00017f3a       0x16 src/ASF/common/utils/interrupt/interrupt_sam_nvic.o
 .debug_macro   0x00017f50      0x18b src/ASF/common/utils/interrupt/interrupt_sam_nvic.o
 .debug_macro   0x000180db       0x16 src/ASF/common/utils/interrupt/interrupt_sam_nvic.o
 .debug_macro   0x000180f1       0x16 src/ASF/common/utils/interrupt/interrupt_sam_nvic.o
 .debug_macro   0x00018107       0x29 src/ASF/common/utils/interrupt/interrupt_sam_nvic.o
 .debug_macro   0x00018130       0x51 src/ASF/common/utils/interrupt/interrupt_sam_nvic.o
 .debug_macro   0x00018181      0x3df src/ASF/common/utils/interrupt/interrupt_sam_nvic.o
 .debug_macro   0x00018560       0x3e src/ASF/common/utils/interrupt/interrupt_sam_nvic.o
 .debug_macro   0x0001859e      0x621 src/ASF/sam0/boards/samc21_xplained_pro/board_init.o
 .debug_macro   0x00018bbf      0x2df src/ASF/sam0/boards/samc21_xplained_pro/board_init.o
 .debug_macro   0x00018e9e      0x7e6 src/ASF/sam0/boards/samc21_xplained_pro/board_init.o
 .debug_macro   0x00019684       0x18 src/ASF/sam0/boards/samc21_xplained_pro/board_init.o
 .debug_macro   0x0001969c       0x19 src/ASF/sam0/boards/samc21_xplained_pro/board_init.o
 .debug_macro   0x000196b5      0x5fc src/ASF/sam0/drivers/port/port.o
 .debug_macro   0x00019cb1      0x67a src/ASF/sam0/drivers/sercom/sercom.o
 .debug_macro   0x0001a32b       0x2e src/ASF/sam0/drivers/sercom/sercom.o
 .debug_macro   0x0001a359       0xb2 src/ASF/sam0/drivers/sercom/sercom.o
 .debug_macro   0x0001a40b       0x10 src/ASF/sam0/drivers/sercom/sercom.o
 .debug_macro   0x0001a41b      0x678 src/ASF/sam0/drivers/sercom/sercom_interrupt.o
 .debug_macro   0x0001aa93      0x68e src/ASF/sam0/drivers/sercom/usart/usart.o
 .debug_macro   0x0001b121       0x5f src/ASF/sam0/drivers/sercom/usart/usart.o
 .debug_macro   0x0001b180      0x68f src/ASF/sam0/drivers/sercom/usart/usart_interrupt.o
 .debug_macro   0x0001b80f      0x650 src/ASF/sam0/drivers/system/clock/clock_samc20_c21/clock.o
 .debug_macro   0x0001be5f      0x261 src/ASF/sam0/drivers/system/clock/clock_samc20_c21/clock.o
 .debug_macro   0x0001c0c0      0x61c src/ASF/sam0/drivers/system/clock/clock_samc20_c21/gclk.o
 .debug_macro   0x0001c6dc      0x5f1 src/ASF/sam0/drivers/system/pinmux/pinmux.o
 .debug_macro   0x0001cccd       0x12 src/ASF/sam0/drivers/system/pinmux/pinmux.o
 .debug_macro   0x0001ccdf      0x62c src/ASF/sam0/drivers/system/system.o
 .debug_macro   0x0001d30b      0x3c4 src/ASF/sam0/utils/cmsis/samc21/source/gcc/startup_samc21.o
 .debug_macro   0x0001d6cf       0x3a src/ASF/sam0/utils/cmsis/samc21/source/gcc/startup_samc21.o
 .debug_macro   0x0001d709      0x727 src/main.o
 .debug_macro   0x0001de30       0x65 src/main.o
 .debug_macro   0x0001de95       0x16 src/main.o
 .debug_macro   0x0001deab       0x52 src/main.o
 .debug_macro   0x0001defd       0x22 src/main.o
 .debug_macro   0x0001df1f       0x4c src/main.o
 .debug_macro   0x0001df6b      0x704 src/sam_ba_monitor.o
 .debug_macro   0x0001e66f      0x6ea src/usart_sam_ba.o

.debug_line     0x00000000     0xb46e
 .debug_line    0x00000000      0x9bc src/ASF/common/utils/interrupt/interrupt_sam_nvic.o
 .debug_line    0x000009bc      0xa67 src/ASF/sam0/boards/samc21_xplained_pro/board_init.o
 .debug_line    0x00001423      0x9ee src/ASF/sam0/drivers/port/port.o
 .debug_line    0x00001e11      0xcbc src/ASF/sam0/drivers/sercom/sercom.o
 .debug_line    0x00002acd      0xc60 src/ASF/sam0/drivers/sercom/sercom_interrupt.o
 .debug_line    0x0000372d      0xe01 src/ASF/sam0/drivers/sercom/usart/usart.o
 .debug_line    0x0000452e      0xdb8 src/ASF/sam0/drivers/sercom/usart/usart_interrupt.o
 .debug_line    0x000052e6      0xceb src/ASF/sam0/drivers/system/clock/clock_samc20_c21/clock.o
 .debug_line    0x00005fd1      0xcfd src/ASF/sam0/drivers/system/clock/clock_samc20_c21/gclk.o
 .debug_line    0x00006cce      0xa3b src/ASF/sam0/drivers/system/pinmux/pinmux.o
 .debug_line    0x00007709      0xad6 src/ASF/sam0/drivers/system/system.o
 .debug_line    0x000081df      0x739 src/ASF/sam0/utils/cmsis/samc21/source/gcc/startup_samc21.o
 .debug_line    0x00008918      0xd61 src/main.o
 .debug_line    0x00009679      0xe62 src/sam_ba_monitor.o
 .debug_line    0x0000a4db      0xf93 src/usart_sam_ba.o

.debug_str      0x00000000    0xa0457
 .debug_str     0x00000000    0x965db src/ASF/common/utils/interrupt/interrupt_sam_nvic.o
                              0x97166 (size before relaxing)
 .debug_str     0x000965db     0x33d0 src/ASF/sam0/boards/samc21_xplained_pro/board_init.o
                              0x9a4d9 (size before relaxing)
 .debug_str     0x000999ab      0x188 src/ASF/sam0/drivers/port/port.o
                              0x9760a (size before relaxing)
 .debug_str     0x00099b33     0x1696 src/ASF/sam0/drivers/sercom/sercom.o
                              0x988b5 (size before relaxing)
 .debug_str     0x0009b1c9      0x5f8 src/ASF/sam0/drivers/sercom/sercom_interrupt.o
                              0x987ae (size before relaxing)
 .debug_str     0x0009b7c1     0x1212 src/ASF/sam0/drivers/sercom/usart/usart.o
                              0x998ef (size before relaxing)
 .debug_str     0x0009c9d3      0x1e8 src/ASF/sam0/drivers/sercom/usart/usart_interrupt.o
                              0x98873 (size before relaxing)
 .debug_str     0x0009cbbb     0x29c0 src/ASF/sam0/drivers/system/clock/clock_samc20_c21/clock.o
                              0x9a399 (size before relaxing)
 .debug_str     0x0009f57b      0x1b3 src/ASF/sam0/drivers/system/clock/clock_samc20_c21/gclk.o
                              0x97d1f (size before relaxing)
 .debug_str     0x0009f72e      0x179 src/ASF/sam0/drivers/system/pinmux/pinmux.o
                              0x97666 (size before relaxing)
 .debug_str     0x0009f8a7       0x47 src/ASF/sam0/drivers/system/system.o
                              0x971f6 (size before relaxing)
 .debug_str     0x0009f8ee      0x3f9 src/ASF/sam0/utils/cmsis/samc21/source/gcc/startup_samc21.o
                              0x8141e (size before relaxing)
 .debug_str     0x0009fce7      0x417 src/main.o
                              0x9c0a2 (size before relaxing)
 .debug_str     0x000a00fe       0xd0 src/sam_ba_monitor.o
                              0x9b058 (size before relaxing)
 .debug_str     0x000a01ce      0x289 src/usart_sam_ba.o
                              0x9dc5c (size before relaxing)

.debug_frame    0x00000000      0xa60
 .debug_frame   0x00000000       0x30 src/ASF/common/utils/interrupt/interrupt_sam_nvic.o
 .debug_frame   0x00000030       0x30 src/ASF/sam0/boards/samc21_xplained_pro/board_init.o
 .debug_frame   0x00000060       0x44 src/ASF/sam0/drivers/port/port.o
 .debug_frame   0x000000a4       0xbc src/ASF/sam0/drivers/sercom/sercom.o
 .debug_frame   0x00000160       0xe8 src/ASF/sam0/drivers/sercom/sercom_interrupt.o
 .debug_frame   0x00000248       0xac src/ASF/sam0/drivers/sercom/usart/usart.o
 .debug_frame   0x000002f4      0x110 src/ASF/sam0/drivers/sercom/usart/usart_interrupt.o
 .debug_frame   0x00000404      0x140 src/ASF/sam0/drivers/system/clock/clock_samc20_c21/clock.o
 .debug_frame   0x00000544      0x150 src/ASF/sam0/drivers/system/clock/clock_samc20_c21/gclk.o
 .debug_frame   0x00000694       0x98 src/ASF/sam0/drivers/system/pinmux/pinmux.o
 .debug_frame   0x0000072c       0x38 src/ASF/sam0/drivers/system/system.o
 .debug_frame   0x00000764       0x38 src/ASF/sam0/utils/cmsis/samc21/source/gcc/startup_samc21.o
 .debug_frame   0x0000079c       0x2c src/main.o
 .debug_frame   0x000007c8       0x7c src/sam_ba_monitor.o
 .debug_frame   0x00000844      0x19c src/usart_sam_ba.o
 .debug_frame   0x000009e0       0x20 c:/program files (x86)/atmel/studio/7.0/toolchain/arm/arm-gnu-toolchain/bin/../lib/gcc/arm-none-eabi/6.3.1/thumb/v6-m\libgcc.a(_udivsi3.o)
 .debug_frame   0x00000a00       0x34 c:/program files (x86)/atmel/studio/7.0/toolchain/arm/arm-gnu-toolchain/bin/../lib/gcc/arm-none-eabi/6.3.1/thumb/v6-m\libgcc.a(_muldi3.o)
 .debug_frame   0x00000a34       0x2c c:/program files (x86)/atmel/studio/7.0/toolchain/arm/arm-gnu-toolchain/bin/../lib/gcc/arm-none-eabi/6.3.1/../../../../arm-none-eabi/lib/thumb/v6-m\libc_nano.a(lib_a-init.o)

.debug_loc      0x00000000     0x4764
 .debug_loc     0x00000000       0x8a src/ASF/sam0/boards/samc21_xplained_pro/board_init.o
 .debug_loc     0x0000008a      0x13d src/ASF/sam0/drivers/port/port.o
 .debug_loc     0x000001c7      0x9d5 src/ASF/sam0/drivers/sercom/sercom.o
 .debug_loc     0x00000b9c      0x161 src/ASF/sam0/drivers/sercom/sercom_interrupt.o
 .debug_loc     0x00000cfd      0xd6a src/ASF/sam0/drivers/sercom/usart/usart.o
 .debug_loc     0x00001a67      0x711 src/ASF/sam0/drivers/sercom/usart/usart_interrupt.o
 .debug_loc     0x00002178      0xd68 src/ASF/sam0/drivers/system/clock/clock_samc20_c21/clock.o
 .debug_loc     0x00002ee0      0x4dd src/ASF/sam0/drivers/system/clock/clock_samc20_c21/gclk.o
 .debug_loc     0x000033bd      0x36d src/ASF/sam0/drivers/system/pinmux/pinmux.o
 .debug_loc     0x0000372a       0x20 src/ASF/sam0/drivers/system/system.o
 .debug_loc     0x0000374a       0x40 src/ASF/sam0/utils/cmsis/samc21/source/gcc/startup_samc21.o
 .debug_loc     0x0000378a       0xa9 src/main.o
 .debug_loc     0x00003833      0x214 src/sam_ba_monitor.o
 .debug_loc     0x00003a47      0xd1d src/usart_sam_ba.o
